/home/gauri/.local/lib/python3.10/site-packages/setuptools/_distutils/dist.py:288: UserWarning: Unknown distribution option: 'tests_require'
  warnings.warn(msg)
running egg_info
writing ../../build/obstacle_avoidance/obstacle_avoidance.egg-info/PKG-INFO
writing dependency_links to ../../build/obstacle_avoidance/obstacle_avoidance.egg-info/dependency_links.txt
writing entry points to ../../build/obstacle_avoidance/obstacle_avoidance.egg-info/entry_points.txt
writing requirements to ../../build/obstacle_avoidance/obstacle_avoidance.egg-info/requires.txt
writing top-level names to ../../build/obstacle_avoidance/obstacle_avoidance.egg-info/top_level.txt
reading manifest file '../../build/obstacle_avoidance/obstacle_avoidance.egg-info/SOURCES.txt'
writing manifest file '../../build/obstacle_avoidance/obstacle_avoidance.egg-info/SOURCES.txt'
running build
running build_py
copying obstacle_avoidance/camera_detector_node.py -> /home/gauri/obstacle-avoidance-drone/ros2_ws/build/obstacle_avoidance/build/lib/obstacle_avoidance
copying obstacle_avoidance/obstacle_detector.py -> /home/gauri/obstacle-avoidance-drone/ros2_ws/build/obstacle_avoidance/build/lib/obstacle_avoidance
copying obstacle_avoidance/fusion_node.py -> /home/gauri/obstacle-avoidance-drone/ros2_ws/build/obstacle_avoidance/build/lib/obstacle_avoidance
copying obstacle_avoidance/__init__.py -> /home/gauri/obstacle-avoidance-drone/ros2_ws/build/obstacle_avoidance/build/lib/obstacle_avoidance
copying obstacle_avoidance/radar_node.py -> /home/gauri/obstacle-avoidance-drone/ros2_ws/build/obstacle_avoidance/build/lib/obstacle_avoidance
copying obstacle_avoidance/lidar_node.py -> /home/gauri/obstacle-avoidance-drone/ros2_ws/build/obstacle_avoidance/build/lib/obstacle_avoidance
copying obstacle_avoidance/avoidance_node.py -> /home/gauri/obstacle-avoidance-drone/ros2_ws/build/obstacle_avoidance/build/lib/obstacle_avoidance
running install
running install_lib
copying /home/gauri/obstacle-avoidance-drone/ros2_ws/build/obstacle_avoidance/build/lib/obstacle_avoidance/fusion_node.py -> /home/gauri/obstacle-avoidance-drone/ros2_ws/install/obstacle_avoidance/lib/python3.10/site-packages/obstacle_avoidance
copying /home/gauri/obstacle-avoidance-drone/ros2_ws/build/obstacle_avoidance/build/lib/obstacle_avoidance/lidar_node.py -> /home/gauri/obstacle-avoidance-drone/ros2_ws/install/obstacle_avoidance/lib/python3.10/site-packages/obstacle_avoidance
copying /home/gauri/obstacle-avoidance-drone/ros2_ws/build/obstacle_avoidance/build/lib/obstacle_avoidance/avoidance_node.py -> /home/gauri/obstacle-avoidance-drone/ros2_ws/install/obstacle_avoidance/lib/python3.10/site-packages/obstacle_avoidance
byte-compiling /home/gauri/obstacle-avoidance-drone/ros2_ws/install/obstacle_avoidance/lib/python3.10/site-packages/obstacle_avoidance/fusion_node.py to fusion_node.cpython-310.pyc
byte-compiling /home/gauri/obstacle-avoidance-drone/ros2_ws/install/obstacle_avoidance/lib/python3.10/site-packages/obstacle_avoidance/lidar_node.py to lidar_node.cpython-310.pyc
byte-compiling /home/gauri/obstacle-avoidance-drone/ros2_ws/install/obstacle_avoidance/lib/python3.10/site-packages/obstacle_avoidance/avoidance_node.py to avoidance_node.cpython-310.pyc
running install_data
copying resource/obstacle_avoidance -> /home/gauri/obstacle-avoidance-drone/ros2_ws/install/obstacle_avoidance/share/ament_index/resource_index/packages
copying package.xml -> /home/gauri/obstacle-avoidance-drone/ros2_ws/install/obstacle_avoidance/share/obstacle_avoidance
copying launch/sim.launch.py -> /home/gauri/obstacle-avoidance-drone/ros2_ws/install/obstacle_avoidance/share/obstacle_avoidance/launch
running install_egg_info
removing '/home/gauri/obstacle-avoidance-drone/ros2_ws/install/obstacle_avoidance/lib/python3.10/site-packages/obstacle_avoidance-0.0.1-py3.10.egg-info' (and everything under it)
Copying ../../build/obstacle_avoidance/obstacle_avoidance.egg-info to /home/gauri/obstacle-avoidance-drone/ros2_ws/install/obstacle_avoidance/lib/python3.10/site-packages/obstacle_avoidance-0.0.1-py3.10.egg-info
running install_scripts
Installing avoidance_node script to /home/gauri/obstacle-avoidance-drone/ros2_ws/install/obstacle_avoidance/lib/obstacle_avoidance
Installing camera_detector_node script to /home/gauri/obstacle-avoidance-drone/ros2_ws/install/obstacle_avoidance/lib/obstacle_avoidance
Installing fusion_node script to /home/gauri/obstacle-avoidance-drone/ros2_ws/install/obstacle_avoidance/lib/obstacle_avoidance
Installing lidar_node script to /home/gauri/obstacle-avoidance-drone/ros2_ws/install/obstacle_avoidance/lib/obstacle_avoidance
Installing obstacle_detector script to /home/gauri/obstacle-avoidance-drone/ros2_ws/install/obstacle_avoidance/lib/obstacle_avoidance
Installing radar_node script to /home/gauri/obstacle-avoidance-drone/ros2_ws/install/obstacle_avoidance/lib/obstacle_avoidance
writing list of installed files to '/home/gauri/obstacle-avoidance-drone/ros2_ws/build/obstacle_avoidance/install.log'
