[1.516s] Invoking command in '/home/gauri/obstacle-avoidance-drone/ros2_ws/src/obstacle_avoidance': PYTHONPATH=/home/gauri/obstacle-avoidance-drone/ros2_ws/build/obstacle_avoidance/prefix_override:/usr/lib/python3/dist-packages/colcon_core/task/python/colcon_distutils_commands:/home/gauri/obstacle-avoidance-drone/ros2_ws/install/obstacle_avoidance/lib/python3.10/site-packages:${PYTHONPATH} /usr/bin/python3 -W ignore:setup.py install is deprecated -W ignore:easy_install command is deprecated setup.py egg_info --egg-base ../../build/obstacle_avoidance build --build-base /home/gauri/obstacle-avoidance-drone/ros2_ws/build/obstacle_avoidance/build install --record /home/gauri/obstacle-avoidance-drone/ros2_ws/build/obstacle_avoidance/install.log --install-scripts $base/lib/obstacle_avoidance --single-version-externally-managed install_data
[1.747s] /home/gauri/.local/lib/python3.10/site-packages/setuptools/_distutils/dist.py:288: UserWarning: Unknown distribution option: 'tests_require'
[1.747s]   warnings.warn(msg)
[1.863s] running egg_info
[1.881s] writing ../../build/obstacle_avoidance/obstacle_avoidance.egg-info/PKG-INFO
[1.888s] writing dependency_links to ../../build/obstacle_avoidance/obstacle_avoidance.egg-info/dependency_links.txt
[1.891s] writing entry points to ../../build/obstacle_avoidance/obstacle_avoidance.egg-info/entry_points.txt
[1.893s] writing requirements to ../../build/obstacle_avoidance/obstacle_avoidance.egg-info/requires.txt
[1.893s] writing top-level names to ../../build/obstacle_avoidance/obstacle_avoidance.egg-info/top_level.txt
[1.930s] reading manifest file '../../build/obstacle_avoidance/obstacle_avoidance.egg-info/SOURCES.txt'
[1.932s] writing manifest file '../../build/obstacle_avoidance/obstacle_avoidance.egg-info/SOURCES.txt'
[1.936s] running build
[1.936s] running build_py
[1.936s] copying obstacle_avoidance/obstacle_detector.py -> /home/gauri/obstacle-avoidance-drone/ros2_ws/build/obstacle_avoidance/build/lib/obstacle_avoidance
[1.937s] copying obstacle_avoidance/__init__.py -> /home/gauri/obstacle-avoidance-drone/ros2_ws/build/obstacle_avoidance/build/lib/obstacle_avoidance
[1.938s] running install
[1.942s] running install_lib
[1.962s] copying /home/gauri/obstacle-avoidance-drone/ros2_ws/build/obstacle_avoidance/build/lib/obstacle_avoidance/obstacle_detector.py -> /home/gauri/obstacle-avoidance-drone/ros2_ws/install/obstacle_avoidance/lib/python3.10/site-packages/obstacle_avoidance
[1.964s] byte-compiling /home/gauri/obstacle-avoidance-drone/ros2_ws/install/obstacle_avoidance/lib/python3.10/site-packages/obstacle_avoidance/obstacle_detector.py to obstacle_detector.cpython-310.pyc
[1.965s] running install_data
[1.965s] copying resource/obstacle_avoidance -> /home/gauri/obstacle-avoidance-drone/ros2_ws/install/obstacle_avoidance/share/ament_index/resource_index/packages
[1.965s] copying package.xml -> /home/gauri/obstacle-avoidance-drone/ros2_ws/install/obstacle_avoidance/share/obstacle_avoidance
[1.968s] copying launch/sim.launch.py -> /home/gauri/obstacle-avoidance-drone/ros2_ws/install/obstacle_avoidance/share/obstacle_avoidance/launch
[1.971s] running install_egg_info
[1.989s] removing '/home/gauri/obstacle-avoidance-drone/ros2_ws/install/obstacle_avoidance/lib/python3.10/site-packages/obstacle_avoidance-0.0.1-py3.10.egg-info' (and everything under it)
[1.991s] Copying ../../build/obstacle_avoidance/obstacle_avoidance.egg-info to /home/gauri/obstacle-avoidance-drone/ros2_ws/install/obstacle_avoidance/lib/python3.10/site-packages/obstacle_avoidance-0.0.1-py3.10.egg-info
[1.992s] running install_scripts
[2.036s] Installing obstacle_detector script to /home/gauri/obstacle-avoidance-drone/ros2_ws/install/obstacle_avoidance/lib/obstacle_avoidance
[2.038s] writing list of installed files to '/home/gauri/obstacle-avoidance-drone/ros2_ws/build/obstacle_avoidance/install.log'
[2.079s] Invoked command in '/home/gauri/obstacle-avoidance-drone/ros2_ws/src/obstacle_avoidance' returned '0': PYTHONPATH=/home/gauri/obstacle-avoidance-drone/ros2_ws/build/obstacle_avoidance/prefix_override:/usr/lib/python3/dist-packages/colcon_core/task/python/colcon_distutils_commands:/home/gauri/obstacle-avoidance-drone/ros2_ws/install/obstacle_avoidance/lib/python3.10/site-packages:${PYTHONPATH} /usr/bin/python3 -W ignore:setup.py install is deprecated -W ignore:easy_install command is deprecated setup.py egg_info --egg-base ../../build/obstacle_avoidance build --build-base /home/gauri/obstacle-avoidance-drone/ros2_ws/build/obstacle_avoidance/build install --record /home/gauri/obstacle-avoidance-drone/ros2_ws/build/obstacle_avoidance/install.log --install-scripts $base/lib/obstacle_avoidance --single-version-externally-managed install_data
