[1.627s] Invoking command in '/home/gauri/obstacle-avoidance-drone/ros2_ws/src/obstacle_avoidance': PYTHONPATH=/home/gauri/obstacle-avoidance-drone/ros2_ws/build/obstacle_avoidance/prefix_override:/usr/lib/python3/dist-packages/colcon_core/task/python/colcon_distutils_commands:/home/gauri/obstacle-avoidance-drone/ros2_ws/install/obstacle_avoidance/lib/python3.10/site-packages:${PYTHONPATH} /usr/bin/python3 -W ignore:setup.py install is deprecated -W ignore:easy_install command is deprecated setup.py egg_info --egg-base ../../build/obstacle_avoidance build --build-base /home/gauri/obstacle-avoidance-drone/ros2_ws/build/obstacle_avoidance/build install --record /home/gauri/obstacle-avoidance-drone/ros2_ws/build/obstacle_avoidance/install.log --install-scripts $base/lib/obstacle_avoidance --single-version-externally-managed install_data
[1.928s] /home/gauri/.local/lib/python3.10/site-packages/setuptools/_distutils/dist.py:288: UserWarning: Unknown distribution option: 'tests_require'
[1.932s]   warnings.warn(msg)
[1.933s] running egg_info
[1.933s] writing ../../build/obstacle_avoidance/obstacle_avoidance.egg-info/PKG-INFO
[1.934s] writing dependency_links to ../../build/obstacle_avoidance/obstacle_avoidance.egg-info/dependency_links.txt
[1.935s] writing entry points to ../../build/obstacle_avoidance/obstacle_avoidance.egg-info/entry_points.txt
[1.935s] writing requirements to ../../build/obstacle_avoidance/obstacle_avoidance.egg-info/requires.txt
[1.936s] writing top-level names to ../../build/obstacle_avoidance/obstacle_avoidance.egg-info/top_level.txt
[1.968s] reading manifest file '../../build/obstacle_avoidance/obstacle_avoidance.egg-info/SOURCES.txt'
[1.974s] writing manifest file '../../build/obstacle_avoidance/obstacle_avoidance.egg-info/SOURCES.txt'
[1.974s] running build
[1.974s] running build_py
[1.986s] copying obstacle_avoidance/obstacle_detector.py -> /home/gauri/obstacle-avoidance-drone/ros2_ws/build/obstacle_avoidance/build/lib/obstacle_avoidance
[1.986s] copying obstacle_avoidance/__init__.py -> /home/gauri/obstacle-avoidance-drone/ros2_ws/build/obstacle_avoidance/build/lib/obstacle_avoidance
[1.986s] running install
[1.991s] running install_lib
[2.011s] running install_data
[2.011s] copying resource/obstacle_avoidance -> /home/gauri/obstacle-avoidance-drone/ros2_ws/install/obstacle_avoidance/share/ament_index/resource_index/packages
[2.011s] copying package.xml -> /home/gauri/obstacle-avoidance-drone/ros2_ws/install/obstacle_avoidance/share/obstacle_avoidance
[2.011s] copying launch/sim.launch.py -> /home/gauri/obstacle-avoidance-drone/ros2_ws/install/obstacle_avoidance/share/obstacle_avoidance/launch
[2.011s] running install_egg_info
[2.029s] removing '/home/gauri/obstacle-avoidance-drone/ros2_ws/install/obstacle_avoidance/lib/python3.10/site-packages/obstacle_avoidance-0.0.1-py3.10.egg-info' (and everything under it)
[2.029s] Copying ../../build/obstacle_avoidance/obstacle_avoidance.egg-info to /home/gauri/obstacle-avoidance-drone/ros2_ws/install/obstacle_avoidance/lib/python3.10/site-packages/obstacle_avoidance-0.0.1-py3.10.egg-info
[2.029s] running install_scripts
[2.057s] Installing obstacle_detector script to /home/gauri/obstacle-avoidance-drone/ros2_ws/install/obstacle_avoidance/lib/obstacle_avoidance
[2.058s] writing list of installed files to '/home/gauri/obstacle-avoidance-drone/ros2_ws/build/obstacle_avoidance/install.log'
[2.110s] Invoked command in '/home/gauri/obstacle-avoidance-drone/ros2_ws/src/obstacle_avoidance' returned '0': PYTHONPATH=/home/gauri/obstacle-avoidance-drone/ros2_ws/build/obstacle_avoidance/prefix_override:/usr/lib/python3/dist-packages/colcon_core/task/python/colcon_distutils_commands:/home/gauri/obstacle-avoidance-drone/ros2_ws/install/obstacle_avoidance/lib/python3.10/site-packages:${PYTHONPATH} /usr/bin/python3 -W ignore:setup.py install is deprecated -W ignore:easy_install command is deprecated setup.py egg_info --egg-base ../../build/obstacle_avoidance build --build-base /home/gauri/obstacle-avoidance-drone/ros2_ws/build/obstacle_avoidance/build install --record /home/gauri/obstacle-avoidance-drone/ros2_ws/build/obstacle_avoidance/install.log --install-scripts $base/lib/obstacle_avoidance --single-version-externally-managed install_data
