[1.400s] Invoking command in '/home/gauri/obstacle-avoidance-drone/ros2_ws/src/obstacle_avoidance': PYTHONPATH=/home/gauri/obstacle-avoidance-drone/ros2_ws/build/obstacle_avoidance/prefix_override:/usr/lib/python3/dist-packages/colcon_core/task/python/colcon_distutils_commands:/home/gauri/obstacle-avoidance-drone/ros2_ws/install/obstacle_avoidance/lib/python3.10/site-packages:${PYTHONPATH} /usr/bin/python3 -W ignore:setup.py install is deprecated -W ignore:easy_install command is deprecated setup.py egg_info --egg-base ../../build/obstacle_avoidance build --build-base /home/gauri/obstacle-avoidance-drone/ros2_ws/build/obstacle_avoidance/build install --record /home/gauri/obstacle-avoidance-drone/ros2_ws/build/obstacle_avoidance/install.log --install-scripts $base/lib/obstacle_avoidance --single-version-externally-managed install_data
[1.663s] /home/gauri/.local/lib/python3.10/site-packages/setuptools/_distutils/dist.py:288: UserWarning: Unknown distribution option: 'tests_require'
[1.663s]   warnings.warn(msg)
[1.780s] running egg_info
[1.801s] creating ../../build/obstacle_avoidance/obstacle_avoidance.egg-info
[1.802s] writing ../../build/obstacle_avoidance/obstacle_avoidance.egg-info/PKG-INFO
[1.803s] writing dependency_links to ../../build/obstacle_avoidance/obstacle_avoidance.egg-info/dependency_links.txt
[1.803s] writing entry points to ../../build/obstacle_avoidance/obstacle_avoidance.egg-info/entry_points.txt
[1.804s] writing requirements to ../../build/obstacle_avoidance/obstacle_avoidance.egg-info/requires.txt
[1.804s] writing top-level names to ../../build/obstacle_avoidance/obstacle_avoidance.egg-info/top_level.txt
[1.804s] writing manifest file '../../build/obstacle_avoidance/obstacle_avoidance.egg-info/SOURCES.txt'
[1.843s] reading manifest file '../../build/obstacle_avoidance/obstacle_avoidance.egg-info/SOURCES.txt'
[1.845s] writing manifest file '../../build/obstacle_avoidance/obstacle_avoidance.egg-info/SOURCES.txt'
[1.847s] running build
[1.847s] running build_py
[1.847s] creating /home/gauri/obstacle-avoidance-drone/ros2_ws/build/obstacle_avoidance/build/lib/obstacle_avoidance
[1.847s] copying obstacle_avoidance/obstacle_detector.py -> /home/gauri/obstacle-avoidance-drone/ros2_ws/build/obstacle_avoidance/build/lib/obstacle_avoidance
[1.848s] copying obstacle_avoidance/__init__.py -> /home/gauri/obstacle-avoidance-drone/ros2_ws/build/obstacle_avoidance/build/lib/obstacle_avoidance
[1.849s] running install
[1.856s] running install_lib
[1.872s] creating /home/gauri/obstacle-avoidance-drone/ros2_ws/install/obstacle_avoidance/lib/python3.10/site-packages/obstacle_avoidance
[1.874s] copying /home/gauri/obstacle-avoidance-drone/ros2_ws/build/obstacle_avoidance/build/lib/obstacle_avoidance/obstacle_detector.py -> /home/gauri/obstacle-avoidance-drone/ros2_ws/install/obstacle_avoidance/lib/python3.10/site-packages/obstacle_avoidance
[1.874s] copying /home/gauri/obstacle-avoidance-drone/ros2_ws/build/obstacle_avoidance/build/lib/obstacle_avoidance/__init__.py -> /home/gauri/obstacle-avoidance-drone/ros2_ws/install/obstacle_avoidance/lib/python3.10/site-packages/obstacle_avoidance
[1.875s] byte-compiling /home/gauri/obstacle-avoidance-drone/ros2_ws/install/obstacle_avoidance/lib/python3.10/site-packages/obstacle_avoidance/obstacle_detector.py to obstacle_detector.cpython-310.pyc
[1.875s] byte-compiling /home/gauri/obstacle-avoidance-drone/ros2_ws/install/obstacle_avoidance/lib/python3.10/site-packages/obstacle_avoidance/__init__.py to __init__.cpython-310.pyc
[1.875s] running install_data
[1.876s] creating /home/gauri/obstacle-avoidance-drone/ros2_ws/install/obstacle_avoidance/share/ament_index/resource_index/packages
[1.876s] copying resource/obstacle_avoidance -> /home/gauri/obstacle-avoidance-drone/ros2_ws/install/obstacle_avoidance/share/ament_index/resource_index/packages
[1.876s] copying package.xml -> /home/gauri/obstacle-avoidance-drone/ros2_ws/install/obstacle_avoidance/share/obstacle_avoidance
[1.877s] creating /home/gauri/obstacle-avoidance-drone/ros2_ws/install/obstacle_avoidance/share/obstacle_avoidance/launch
[1.877s] copying launch/sim.launch.py -> /home/gauri/obstacle-avoidance-drone/ros2_ws/install/obstacle_avoidance/share/obstacle_avoidance/launch
[1.877s] creating /home/gauri/obstacle-avoidance-drone/ros2_ws/install/obstacle_avoidance/share/obstacle_avoidance/config
[1.877s] running install_egg_info
[1.902s] Copying ../../build/obstacle_avoidance/obstacle_avoidance.egg-info to /home/gauri/obstacle-avoidance-drone/ros2_ws/install/obstacle_avoidance/lib/python3.10/site-packages/obstacle_avoidance-0.0.1-py3.10.egg-info
[1.902s] running install_scripts
[1.940s] Installing obstacle_detector script to /home/gauri/obstacle-avoidance-drone/ros2_ws/install/obstacle_avoidance/lib/obstacle_avoidance
[1.941s] writing list of installed files to '/home/gauri/obstacle-avoidance-drone/ros2_ws/build/obstacle_avoidance/install.log'
[1.980s] Invoked command in '/home/gauri/obstacle-avoidance-drone/ros2_ws/src/obstacle_avoidance' returned '0': PYTHONPATH=/home/gauri/obstacle-avoidance-drone/ros2_ws/build/obstacle_avoidance/prefix_override:/usr/lib/python3/dist-packages/colcon_core/task/python/colcon_distutils_commands:/home/gauri/obstacle-avoidance-drone/ros2_ws/install/obstacle_avoidance/lib/python3.10/site-packages:${PYTHONPATH} /usr/bin/python3 -W ignore:setup.py install is deprecated -W ignore:easy_install command is deprecated setup.py egg_info --egg-base ../../build/obstacle_avoidance build --build-base /home/gauri/obstacle-avoidance-drone/ros2_ws/build/obstacle_avoidance/build install --record /home/gauri/obstacle-avoidance-drone/ros2_ws/build/obstacle_avoidance/install.log --install-scripts $base/lib/obstacle_avoidance --single-version-externally-managed install_data
